Microchip MPLAB XC8 Compiler V3.00

Linker command line:

-W-3 \
  --edf=C:/Program Files/Microchip/MPLABX/v6.25/packs/Microchip/PIC16F1xxxx_DFP/1.26.410/xc8\pic\dat\20250122140635_en.msgs \
  -cn -h+dist/default/production\RF169Hz.X.production.sym \
  --cmf=dist/default/production\RF169Hz.X.production.cmf -z -Q16F17125 \
  -oC:\Users\ingek\AppData\Local\Temp\xcAspj4.\driver_tmp_3.o \
  --defsym=__MPLAB_BUILD=1 --fixupoverflow=error \
  -Mdist/default/production/RF169Hz.X.production.map \
  --md=C:\Users\ingek\AppData\Local\Temp\xcAspj4.\driver_tmp_0.dat -E1 \
  -ver=XC8 Compiler -ACODE=00h-07FFhx4 -ASTRCODE=00h-01FFFh \
  -ASTRING=00h-0FFhx32 -ACONST=00h-0FFhx32 -AENTRY=00h-0FFhx32 \
  -ACOMMON=070h-07Fh -ABANK0=020h-06Fh -ABANK1=0A0h-0EFh \
  -ABANK2=0120h-016Fh -ABANK3=01A0h-01EFh -ABANK4=0220h-026Fh \
  -ABANK5=02A0h-02EFh -ABANK6=0320h-036Fh -ABANK7=03A0h-03EFh \
  -ABANK8=0420h-046Fh -ABANK9=04A0h-04EFh -ABANK10=0520h-056Fh \
  -ABANK11=05A0h-05EFh -ABANK12=0620h-064Fh -ABIGRAM=02000h-023EFh \
  -ARAM=020h-06Fh,0A0h-0EFh,0120h-016Fh,01A0h-01EFh,0220h-026Fh,02A0h-02EFh,0320h-036Fh,03A0h-03EFh,0420h-046Fh,04A0h-04EFh,0520h-056Fh,05A0h-05EFh,0620h-064Fh \
  -AABS1=020h-07Fh,0A0h-0EFh,0120h-016Fh,01A0h-01EFh,0220h-026Fh,02A0h-02EFh,0320h-036Fh,03A0h-03EFh,0420h-046Fh,04A0h-04EFh,0520h-056Fh,05A0h-05EFh,0620h-064Fh \
  -ASFR0=00h-01Fh -ASFR1=080h-09Fh -ASFR2=0100h-011Fh -ASFR3=0180h-019Fh \
  -ASFR4=0200h-021Fh -ASFR5=0280h-029Fh -ASFR6=0300h-031Fh \
  -ASFR7=0380h-039Fh -ASFR8=0400h-041Fh -ASFR9=0480h-049Fh \
  -ASFR10=0500h-051Fh -ASFR11=0580h-059Fh -ASFR12=0600h-061Fh \
  -ASFR13=0680h-06EFh -ASFR14=0700h-076Fh -ASFR15=0780h-07EFh \
  -ASFR16=0800h-086Fh -ASFR17=0880h-08EFh -ASFR18=0900h-096Fh \
  -ASFR19=0980h-09EFh -ASFR20=0A00h-0A6Fh -ASFR21=0A80h-0AEFh \
  -ASFR22=0B00h-0B6Fh -ASFR23=0B80h-0BEFh -ASFR24=0C00h-0C6Fh \
  -ASFR25=0C80h-0CEFh -ASFR26=0D00h-0D6Fh -ASFR27=0D80h-0DEFh \
  -ASFR28=0E00h-0E6Fh -ASFR29=0E80h-0EEFh -ASFR30=0F00h-0F6Fh \
  -ASFR31=0F80h-0FEFh -ASFR32=01000h-0106Fh -ASFR33=01080h-010EFh \
  -ASFR34=01100h-0116Fh -ASFR35=01180h-011EFh -ASFR36=01200h-0126Fh \
  -ASFR37=01280h-012EFh -ASFR38=01300h-0136Fh -ASFR39=01380h-013EFh \
  -ASFR40=01400h-0146Fh -ASFR41=01480h-014EFh -ASFR42=01500h-0156Fh \
  -ASFR43=01580h-015EFh -ASFR44=01600h-0166Fh -ASFR45=01680h-016EFh \
  -ASFR46=01700h-0176Fh -ASFR47=01780h-017EFh -ASFR48=01800h-0186Fh \
  -ASFR49=01880h-018EFh -ASFR50=01900h-0196Fh -ASFR51=01980h-019EFh \
  -ASFR52=01A00h-01A6Fh -ASFR53=01A80h-01AEFh -ASFR54=01B00h-01B6Fh \
  -ASFR55=01B80h-01BEFh -ASFR56=01C00h-01C6Fh -ASFR57=01C80h-01CEFh \
  -ASFR58=01D00h-01D6Fh -ASFR59=01D80h-01DEFh -ASFR60=01E00h-01E6Fh \
  -ASFR61=01E80h-01EEFh -ASFR62=01F00h-01F6Fh -ASFR63=01F80h-01FEFh \
  -ACONFIG=08007h-0800Bh -DCONFIG=2 -AIDLOC=08000h-08003h -DIDLOC=2 \
  -AEEDATA=00h-07Fh/0F000h -peeprom_data=EEDATA -DEEDATA=2 -DCODE=2 \
  -DSTRCODE=2 -DSTRING=2 -DCONST=2 -DENTRY=2 \
  -preset_vec=00h,intentry=04h,sivt,init,end_init -ppowerup=CODE \
  -pcinit=CODE -pfunctab=ENTRY -k \
  C:\Users\ingek\AppData\Local\Temp\xcAspj4.\driver_tmp_15.o \
  dist/default/production\RF169Hz.X.production.o 

Object code version is 3.11

Machine type is 16F17125



                Name                               Link     Load   Length Selector   Space Scale
C:\Users\ingek\AppData\Local\Temp\xcAspj4.\driver_tmp_15.o
                end_init                             14       14        2        8       0
                reset_vec                             0        0        2        0       0
                config                             8007     8007        5        0       4
dist/default/production\RF169Hz.X.production.o
                cinit                                16       16       1F        8       0
                intentry                              4        4       10        8       0
                config                             8007     8007        5        0       4
                text30                              5A9      5A9        1      B50       0
                text29                              523      523        F      978       0
                text28                              5A8      5A8        1      B50       0
                text27                              514      514        F      978       0
                text26                              4E4      4E4       11      978       0
                text24                              562      562        C      978       0
                text23                              3F6      3F6       29      794       0
                text22                              446      446       1F      794       0
                text21                              359      359       41      2D4       0
                text20                              41F      41F       27      794       0
                text19                              4D1      4D1       13      978       0
                text18                              3CA      3CA       2C      794       0
                text17                              505      505        F      978       0
                text16                              579      579        B      978       0
                text15                              556      556        C      978       0
                text14                              54A      54A        C      978       0
                text13                              483      483       1D      794       0
                text12                              59A      59A        6      B1C       0
                text11                              56E      56E        B      978       0
                text10                              594      594        6      B1C       0
                text9                               58E      58E        6      B1C       0
                text8                               318      318       41      2D4       0
                text7                               53E      53E        C      978       0
                text6                               4F5      4F5       10      978       0
                text5                               4BC      4BC       15      978       0
                text4                               465      465       1E      794       0
                text3                               5A0      5A0        4      B1C       0
                text2                               263      263       62      2D4       0
                text1                               2C5      2C5       53      2D4       0
                maintext                            16A      16A       F9      2D4       0
                cstackBANK0                          2E       2E        2       20       1
                cstackCOMMON                         70       70        D       70       1
                clrtext                             532      532        C      978       0
                dataBANK0                            2C       2C        2       20       1
                bssBANK0                             20       20        8       20       1
                nvBANK0                              28       28        4       20       1
                stringtext5                          35       35      135       6A       0
                stringtext4                         5A6      5A6        2      B4C       0
                stringtext3                         584      584        A      B08       0
                stringtext2                         4A0      4A0       1C      940       0
                stringtext1                         39A      39A       30      734       0
                idataBANK0                          5A4      5A4        2      B1C       0

TOTAL           Name                               Link     Load   Length     Space
        CLASS   CODE           
                end_init                             14       14        2         0
                cinit                                16       16       1F         0
                intentry                              4        4       10         0
                reset_vec                             0        0        2         0
                text30                              5A9      5A9        1         0
                text29                              523      523        F         0
                text28                              5A8      5A8        1         0
                text27                              514      514        F         0
                text26                              4E4      4E4       11         0
                text24                              562      562        C         0
                text23                              3F6      3F6       29         0
                text22                              446      446       1F         0
                text21                              359      359       41         0
                text20                              41F      41F       27         0
                text19                              4D1      4D1       13         0
                text18                              3CA      3CA       2C         0
                text17                              505      505        F         0
                text16                              579      579        B         0
                text15                              556      556        C         0
                text14                              54A      54A        C         0
                text13                              483      483       1D         0
                text12                              59A      59A        6         0
                text11                              56E      56E        B         0
                text10                              594      594        6         0
                text9                               58E      58E        6         0
                text8                               318      318       41         0
                text7                               53E      53E        C         0
                text6                               4F5      4F5       10         0
                text5                               4BC      4BC       15         0
                text4                               465      465       1E         0
                text3                               5A0      5A0        4         0
                text2                               263      263       62         0
                text1                               2C5      2C5       53         0
                maintext                            16A      16A       F9         0
                clrtext                             532      532        C         0
                idataBANK0                          5A4      5A4        2         0

        CLASS   STRCODE        
                stringtext5                          35       35      135         0
                stringtext4                         5A6      5A6        2         0
                stringtext3                         584      584        A         0
                stringtext2                         4A0      4A0       1C         0
                stringtext1                         39A      39A       30         0

        CLASS   STRING         

        CLASS   CONST          

        CLASS   ENTRY          

        CLASS   COMMON         
                cstackCOMMON                         70       70        D         1

        CLASS   BANK0          
                cstackBANK0                          2E       2E        2         1
                dataBANK0                            2C       2C        2         1
                bssBANK0                             20       20        8         1
                nvBANK0                              28       28        4         1

        CLASS   BANK1          

        CLASS   BANK2          

        CLASS   BANK3          

        CLASS   BANK4          

        CLASS   BANK5          

        CLASS   BANK6          

        CLASS   BANK7          

        CLASS   BANK8          

        CLASS   BANK9          

        CLASS   BANK10         

        CLASS   BANK11         

        CLASS   BANK12         

        CLASS   BIGRAM         

        CLASS   RAM            

        CLASS   ABS1           
                abs_s1                               7E       7E        2         1
                abs_s1                              5A3      5A3       4D         1
                abs_s1                              620      620       30         1
                abs_s1                             2373     2373        0         1

        CLASS   SFR0           

        CLASS   SFR1           

        CLASS   SFR2           

        CLASS   SFR3           

        CLASS   SFR4           

        CLASS   SFR5           

        CLASS   SFR6           

        CLASS   SFR7           

        CLASS   SFR8           

        CLASS   SFR9           

        CLASS   SFR10          

        CLASS   SFR11          

        CLASS   SFR12          

        CLASS   SFR13          

        CLASS   SFR14          

        CLASS   SFR15          

        CLASS   SFR16          

        CLASS   SFR17          

        CLASS   SFR18          

        CLASS   SFR19          

        CLASS   SFR20          

        CLASS   SFR21          

        CLASS   SFR22          

        CLASS   SFR23          

        CLASS   SFR24          

        CLASS   SFR25          

        CLASS   SFR26          

        CLASS   SFR27          

        CLASS   SFR28          

        CLASS   SFR29          

        CLASS   SFR30          

        CLASS   SFR31          

        CLASS   SFR32          

        CLASS   SFR33          

        CLASS   SFR34          

        CLASS   SFR35          

        CLASS   SFR36          

        CLASS   SFR37          

        CLASS   SFR38          

        CLASS   SFR39          

        CLASS   SFR40          

        CLASS   SFR41          

        CLASS   SFR42          

        CLASS   SFR43          

        CLASS   SFR44          

        CLASS   SFR45          

        CLASS   SFR46          

        CLASS   SFR47          

        CLASS   SFR48          

        CLASS   SFR49          

        CLASS   SFR50          

        CLASS   SFR51          

        CLASS   SFR52          

        CLASS   SFR53          

        CLASS   SFR54          

        CLASS   SFR55          

        CLASS   SFR56          

        CLASS   SFR57          

        CLASS   SFR58          

        CLASS   SFR59          

        CLASS   SFR60          

        CLASS   SFR61          

        CLASS   SFR62          

        CLASS   SFR63          

        CLASS   CONFIG         
                config                             8007     8007        5         4

        CLASS   IDLOC          

        CLASS   EEDATA         

        CLASS   BANK63         

        CLASS   BANK62         

        CLASS   BANK61         

        CLASS   BANK60         

        CLASS   BANK59         

        CLASS   BANK58         

        CLASS   BANK57         

        CLASS   BANK56         

        CLASS   BANK55         

        CLASS   BANK54         

        CLASS   BANK53         

        CLASS   BANK52         

        CLASS   BANK51         

        CLASS   BANK50         

        CLASS   BANK49         

        CLASS   BANK48         

        CLASS   BANK47         

        CLASS   BANK46         

        CLASS   BANK45         

        CLASS   BANK44         

        CLASS   BANK43         

        CLASS   BANK42         

        CLASS   BANK41         

        CLASS   BANK40         

        CLASS   BANK39         

        CLASS   BANK38         

        CLASS   BANK37         

        CLASS   BANK36         

        CLASS   BANK35         

        CLASS   BANK34         

        CLASS   BANK33         

        CLASS   BANK32         

        CLASS   BANK31         

        CLASS   BANK30         

        CLASS   BANK29         

        CLASS   BANK28         

        CLASS   BANK27         

        CLASS   BANK26         

        CLASS   BANK25         

        CLASS   BANK24         

        CLASS   BANK23         

        CLASS   BANK22         

        CLASS   BANK21         

        CLASS   BANK20         

        CLASS   BANK19         

        CLASS   BANK18         

        CLASS   BANK17         

        CLASS   BANK16         

        CLASS   BANK15         

        CLASS   BANK14         

        CLASS   BANK13         

        CLASS   HEAP           

        CLASS   STACK          



SEGMENTS        Name                           Load    Length   Top    Selector   Space  Class     Delta

                reset_vec                      000000  000002  000002         0       0  CODE        2
                intentry                       000004  000031  000035         8       0  CODE        2
                bssBANK0                       000020  000010  000030        20       1  BANK0       1
                stringtext5                    000035  000135  00016A        6A       0  STRCODE     2
                cstackCOMMON                   000070  00000D  00007D        70       1  COMMON      1
                maintext                       00016A  000230  00039A       2D4       0  CODE        2
                stringtext1                    00039A  000030  0003CA       734       0  STRCODE     2
                text18                         0003CA  0000D6  0004A0       794       0  CODE        2
                stringtext2                    0004A0  00001C  0004BC       940       0  STRCODE     2
                text5                          0004BC  0000C8  000584       978       0  CODE        2
                stringtext3                    000584  00000A  00058E       B08       0  STRCODE     2
                text9                          00058E  000018  0005A6       B1C       0  CODE        2
                stringtext4                    0005A6  000002  0005A8       B4C       0  STRCODE     2
                text28                         0005A8  000002  0005AA       B50       0  CODE        2


UNUSED ADDRESS RANGES

        Name                Unused          Largest block    Delta
        BANK0            00030-0006F              40           1
        BANK1            000A0-000EF              50           1
        BANK10           00520-0056F              50           1
        BANK11           005A0-005A2               3           1
        BANK2            00120-0016F              50           1
        BANK3            001A0-001EF              50           1
        BANK4            00220-0026F              50           1
        BANK5            002A0-002EF              50           1
        BANK6            00320-0036F              50           1
        BANK7            003A0-003EF              50           1
        BANK8            00420-0046F              50           1
        BANK9            004A0-004EF              50           1
        BIGRAM           02000-023EF             3F0           1
        CODE             00002-00003               2           2
                         005AA-01FFF             800
        COMMON           0007D-0007D               1           1
        CONST            00002-00003               2           2
                         005AA-01FFF             100
        EEDATA           0F000-0F07F              80           2
        ENTRY            00002-00003               2           2
                         005AA-01FFF             100
        IDLOC            08000-08003               4           2
        RAM              00030-0006F              40           1
                         000A0-000EF              50
                         00120-0016F              50
                         001A0-001EF              50
                         00220-0026F              50
                         002A0-002EF              50
                         00320-0036F              50
                         003A0-003EF              50
                         00420-0046F              50
                         004A0-004EF              50
                         00520-0056F              50
                         005A0-005A2               3
        SFR0             00000-0001F              20           1
        SFR1             00080-0009F              20           1
        SFR10            00500-0051F              20           1
        SFR11            00580-0059F              20           1
        SFR12            00600-0061F              20           1
        SFR13            00680-006EF              70           1
        SFR14            00700-0076F              70           1
        SFR15            00780-007EF              70           1
        SFR16            00800-0086F              70           1
        SFR17            00880-008EF              70           1
        SFR18            00900-0096F              70           1
        SFR19            00980-009EF              70           1
        SFR2             00100-0011F              20           1
        SFR20            00A00-00A6F              70           1
        SFR21            00A80-00AEF              70           1
        SFR22            00B00-00B6F              70           1
        SFR23            00B80-00BEF              70           1
        SFR24            00C00-00C6F              70           1
        SFR25            00C80-00CEF              70           1
        SFR26            00D00-00D6F              70           1
        SFR27            00D80-00DEF              70           1
        SFR28            00E00-00E6F              70           1
        SFR29            00E80-00EEF              70           1
        SFR3             00180-0019F              20           1
        SFR30            00F00-00F6F              70           1
        SFR31            00F80-00FEF              70           1
        SFR32            01000-0106F              70           1
        SFR33            01080-010EF              70           1
        SFR34            01100-0116F              70           1
        SFR35            01180-011EF              70           1
        SFR36            01200-0126F              70           1
        SFR37            01280-012EF              70           1
        SFR38            01300-0136F              70           1
        SFR39            01380-013EF              70           1
        SFR4             00200-0021F              20           1
        SFR40            01400-0146F              70           1
        SFR41            01480-014EF              70           1
        SFR42            01500-0156F              70           1
        SFR43            01580-015EF              70           1
        SFR44            01600-0166F              70           1
        SFR45            01680-016EF              70           1
        SFR46            01700-0176F              70           1
        SFR47            01780-017EF              70           1
        SFR48            01800-0186F              70           1
        SFR49            01880-018EF              70           1
        SFR5             00280-0029F              20           1
        SFR50            01900-0196F              70           1
        SFR51            01980-019EF              70           1
        SFR52            01A00-01A6F              70           1
        SFR53            01A80-01AEF              70           1
        SFR54            01B00-01B6F              70           1
        SFR55            01B80-01BEF              70           1
        SFR56            01C00-01C6F              70           1
        SFR57            01C80-01CEF              70           1
        SFR58            01D00-01D6F              70           1
        SFR59            01D80-01DEF              70           1
        SFR6             00300-0031F              20           1
        SFR60            01E00-01E6F              70           1
        SFR61            01E80-01EEF              70           1
        SFR62            01F00-01F6F              70           1
        SFR63            01F80-01FEF              70           1
        SFR7             00380-0039F              20           1
        SFR8             00400-0041F              20           1
        SFR9             00480-0049F              20           1
        STRCODE          00002-00003               2           2
                         005AA-01FFF            1A56
        STRING           00002-00003               2           2
                         005AA-01FFF             100

                                  Symbol Table

?___wmul                                             cstackCOMMON 00070
CC1120_ApplyConfig@i                                 cstackCOMMON 00079
CC1120_ReadReg@addr                                  cstackCOMMON 00071
CC1120_ReadReg@result                                cstackCOMMON 00073
CC1120_Strobe@command                                cstackCOMMON 00071
CC1120_WriteReg@addr                                 cstackCOMMON 00076
CC1120_WriteReg@value                                cstackCOMMON 00078
CC1120_WriteTXFIFO@data                              cstackCOMMON 00071
CC1120_WriteTXFIFO@i                                 cstackCOMMON 00074
CC1120_WriteTXFIFO@length                            cstackCOMMON 00073
EUSART1_FramingErrorCallbackRegister@callbackHandler cstackCOMMON 00070
EUSART1_OverrunErrorCallbackRegister@callbackHandler cstackCOMMON 00070
EUSART1_Write@txData                                 cstackCOMMON 00070
INT_SetInterruptHandler@InterruptHandler             cstackCOMMON 00070
IO_RC3_SetInterruptHandler@InterruptHandler          cstackCOMMON 00070
IO_RC4_SetInterruptHandler@InterruptHandler          cstackCOMMON 00070
SPI1_ByteExchange@byteData                           cstackCOMMON 00070
SPI1_Open@spiConfigIndex                             cstackCOMMON 00070
_ACTCON                                              (abs)        00294
_ANSELA                                              (abs)        01E8C
_ANSELC                                              (abs)        01EA0
_BAUD1CON                                            (abs)        00712
_BAUD1CONbits                                        (abs)        00712
_CC1120_ApplyConfig                                  text21       00359
_CC1120_ReadReg                                      text20       0041F
_CC1120_Strobe                                       text19       004D1
_CC1120_WriteReg                                     text23       003F6
_CC1120_WriteTXFIFO                                  text18       003CA
_CLOCK_Initialize                                    text16       00579
_EUSART1_AutoBaudQuery                               (abs)        00000
_EUSART1_AutoBaudSet                                 (abs)        00000
_EUSART1_DefaultFramingErrorCallback                 (abs)        00000
_EUSART1_DefaultOverrunErrorCallback                 (abs)        00000
_EUSART1_Deinitialize                                (abs)        00000
_EUSART1_ErrorGet                                    (abs)        00000
_EUSART1_FramingErrorCallbackRegister                text15       00556
_EUSART1_FramingErrorHandler                         bssBANK0     00022
_EUSART1_Initialize                                  text13       00483
_EUSART1_IsRxReady                                   (abs)        00000
_EUSART1_IsTxDone                                    (abs)        00000
_EUSART1_IsTxReady                                   (abs)        00000
_EUSART1_OverrunErrorCallbackRegister                text14       0054A
_EUSART1_OverrunErrorHandler                         bssBANK0     00020
_EUSART1_Read                                        (abs)        00000
_EUSART1_TransmitDisable                             (abs)        00000
_EUSART1_TransmitEnable                              (abs)        00000
_EUSART1_Write                                       text3        005A0
_INLVLA                                              (abs)        01E90
_INLVLC                                              (abs)        01EA4
_INTCONbits                                          (abs)        0000B
_INTERRUPT_Initialize                                text11       0056E
_INTERRUPT_InterruptManager                          intentry     00004
_INT_DefaultInterruptHandler                         (abs)        00000
_INT_InterruptHandler                                bssBANK0     00026
_INT_SetInterruptHandler                             text12       0059A
_IOCAF                                               (abs)        01E93
_IOCAN                                               (abs)        01E92
_IOCAP                                               (abs)        01E91
_IOCCF                                               (abs)        01EA7
_IOCCFbits                                           (abs)        01EA7
_IOCCN                                               (abs)        01EA6
_IOCCP                                               (abs)        01EA5
_IO_RC3_DefaultInterruptHandler                      text30       005A9
_IO_RC3_ISR                                          text29       00523
_IO_RC3_InterruptHandler                             nvBANK0      0002A
_IO_RC3_SetInterruptHandler                          text10       00594
_IO_RC4_DefaultInterruptHandler                      text28       005A8
_IO_RC4_ISR                                          text27       00514
_IO_RC4_InterruptHandler                             nvBANK0      00028
_IO_RC4_SetInterruptHandler                          text9        0058E
_LATA                                                (abs)        00018
_LATAbits                                            (abs)        00018
_LATC                                                (abs)        0001A
_LATCbits                                            (abs)        0001A
_ODCONA                                              (abs)        01E8E
_ODCONC                                              (abs)        01EA2
_OSCCON1                                             (abs)        0028D
_OSCCON3                                             (abs)        0028F
_OSCEN                                               (abs)        00291
_OSCFRQ                                              (abs)        00293
_OSCTUNE                                             (abs)        00292
_PIE0bits                                            (abs)        00096
_PIE5bits                                            (abs)        0009B
_PIN_MANAGER_IOC                                     text26       004E4
_PIN_MANAGER_Initialize                              text8        00318
_PIR0bits                                            (abs)        0008C
_PIR4bits                                            (abs)        00090
_PIR5bits                                            (abs)        00091
_RA0PPS                                              (abs)        01D8C
_RC0PPS                                              (abs)        01D9C
_RC1PPS                                              (abs)        01D9D
_RC1REG                                              (abs)        0070C
_RC1STA                                              (abs)        00710
_RC1STAbits                                          (abs)        00710
_RX1PPS                                              (abs)        01E42
_SLRCONA                                             (abs)        01E8F
_SLRCONC                                             (abs)        01EA3
_SP1BRGH                                             (abs)        0070F
_SP1BRGL                                             (abs)        0070E
_SPI1_BufferExchange                                 (abs)        00000
_SPI1_BufferRead                                     (abs)        00000
_SPI1_BufferWrite                                    (abs)        00000
_SPI1_ByteExchange                                   text24       00562
_SPI1_ByteRead                                       (abs)        00000
_SPI1_ByteWrite                                      (abs)        00000
_SPI1_Close                                          (abs)        00000
_SPI1_Deinitialize                                   (abs)        00000
_SPI1_Initialize                                     text7        0053E
_SPI1_IsRxReady                                      (abs)        00000
_SPI1_IsTxReady                                      (abs)        00000
_SPI1_Open                                           text17       00505
_SSP1ADD                                             (abs)        0078D
_SSP1BUF                                             (abs)        0078C
_SSP1CLKPPS                                          (abs)        01E47
_SSP1CON1                                            (abs)        00790
_SSP1CON1bits                                        (abs)        00790
_SSP1CON3                                            (abs)        00792
_SSP1DATPPS                                          (abs)        01E48
_SSP1STAT                                            (abs)        0078F
_SYSTEM_Initialize                                   text6        004F5
_TRISA                                               (abs)        00012
_TRISC                                               (abs)        00014
_TX1REG                                              (abs)        0070D
_TX1STA                                              (abs)        00711
_TX1STAbits                                          (abs)        00711
_WPUA                                                (abs)        01E8D
_WPUC                                                (abs)        01EA1
__H__absolute__                                      __absolute__ 00000
__Habs1                                              abs1         00000
__Hbank0                                             bank0        00000
__Hbank1                                             bank1        00000
__Hbank10                                            bank10       00000
__Hbank11                                            bank11       00000
__Hbank12                                            bank12       00000
__Hbank13                                            bank13       00000
__Hbank14                                            bank14       00000
__Hbank15                                            bank15       00000
__Hbank16                                            bank16       00000
__Hbank17                                            bank17       00000
__Hbank18                                            bank18       00000
__Hbank19                                            bank19       00000
__Hbank2                                             bank2        00000
__Hbank20                                            bank20       00000
__Hbank21                                            bank21       00000
__Hbank22                                            bank22       00000
__Hbank23                                            bank23       00000
__Hbank24                                            bank24       00000
__Hbank25                                            bank25       00000
__Hbank26                                            bank26       00000
__Hbank27                                            bank27       00000
__Hbank28                                            bank28       00000
__Hbank29                                            bank29       00000
__Hbank3                                             bank3        00000
__Hbank30                                            bank30       00000
__Hbank31                                            bank31       00000
__Hbank32                                            bank32       00000
__Hbank33                                            bank33       00000
__Hbank34                                            bank34       00000
__Hbank35                                            bank35       00000
__Hbank36                                            bank36       00000
__Hbank37                                            bank37       00000
__Hbank38                                            bank38       00000
__Hbank39                                            bank39       00000
__Hbank4                                             bank4        00000
__Hbank40                                            bank40       00000
__Hbank41                                            bank41       00000
__Hbank42                                            bank42       00000
__Hbank43                                            bank43       00000
__Hbank44                                            bank44       00000
__Hbank45                                            bank45       00000
__Hbank46                                            bank46       00000
__Hbank47                                            bank47       00000
__Hbank48                                            bank48       00000
__Hbank49                                            bank49       00000
__Hbank5                                             bank5        00000
__Hbank50                                            bank50       00000
__Hbank51                                            bank51       00000
__Hbank52                                            bank52       00000
__Hbank53                                            bank53       00000
__Hbank54                                            bank54       00000
__Hbank55                                            bank55       00000
__Hbank56                                            bank56       00000
__Hbank57                                            bank57       00000
__Hbank58                                            bank58       00000
__Hbank59                                            bank59       00000
__Hbank6                                             bank6        00000
__Hbank60                                            bank60       00000
__Hbank61                                            bank61       00000
__Hbank62                                            bank62       00000
__Hbank63                                            bank63       00000
__Hbank7                                             bank7        00000
__Hbank8                                             bank8        00000
__Hbank9                                             bank9        00000
__Hbigram                                            bigram       00000
__HbssBANK0                                          bssBANK0     00000
__Hcinit                                             cinit        00035
__Hclrtext                                           clrtext      00000
__Hcode                                              code         00000
__Hcommon                                            common       00000
__Hconfig                                            config       0800C
__HcstackBANK0                                       cstackBANK0  00000
__HcstackCOMMON                                      cstackCOMMON 00000
__HdataBANK0                                         dataBANK0    00000
__Heeprom_data                                       eeprom_data  00000
__Hend_init                                          end_init     00016
__Hfunctab                                           functab      00000
__Hheap                                              heap         00000
__HidataBANK0                                        idataBANK0   00000
__Hinit                                              init         00014
__Hintentry                                          intentry     00014
__Hmaintext                                          maintext     00000
__HnvBANK0                                           nvBANK0      00000
__Hpowerup                                           powerup      00000
__Hram                                               ram          00000
__Hreset_vec                                         reset_vec    00002
__Hsfr0                                              sfr0         00000
__Hsfr1                                              sfr1         00000
__Hsfr10                                             sfr10        00000
__Hsfr11                                             sfr11        00000
__Hsfr12                                             sfr12        00000
__Hsfr13                                             sfr13        00000
__Hsfr14                                             sfr14        00000
__Hsfr15                                             sfr15        00000
__Hsfr16                                             sfr16        00000
__Hsfr17                                             sfr17        00000
__Hsfr18                                             sfr18        00000
__Hsfr19                                             sfr19        00000
__Hsfr2                                              sfr2         00000
__Hsfr20                                             sfr20        00000
__Hsfr21                                             sfr21        00000
__Hsfr22                                             sfr22        00000
__Hsfr23                                             sfr23        00000
__Hsfr24                                             sfr24        00000
__Hsfr25                                             sfr25        00000
__Hsfr26                                             sfr26        00000
__Hsfr27                                             sfr27        00000
__Hsfr28                                             sfr28        00000
__Hsfr29                                             sfr29        00000
__Hsfr3                                              sfr3         00000
__Hsfr30                                             sfr30        00000
__Hsfr31                                             sfr31        00000
__Hsfr32                                             sfr32        00000
__Hsfr33                                             sfr33        00000
__Hsfr34                                             sfr34        00000
__Hsfr35                                             sfr35        00000
__Hsfr36                                             sfr36        00000
__Hsfr37                                             sfr37        00000
__Hsfr38                                             sfr38        00000
__Hsfr39                                             sfr39        00000
__Hsfr4                                              sfr4         00000
__Hsfr40                                             sfr40        00000
__Hsfr41                                             sfr41        00000
__Hsfr42                                             sfr42        00000
__Hsfr43                                             sfr43        00000
__Hsfr44                                             sfr44        00000
__Hsfr45                                             sfr45        00000
__Hsfr46                                             sfr46        00000
__Hsfr47                                             sfr47        00000
__Hsfr48                                             sfr48        00000
__Hsfr49                                             sfr49        00000
__Hsfr5                                              sfr5         00000
__Hsfr50                                             sfr50        00000
__Hsfr51                                             sfr51        00000
__Hsfr52                                             sfr52        00000
__Hsfr53                                             sfr53        00000
__Hsfr54                                             sfr54        00000
__Hsfr55                                             sfr55        00000
__Hsfr56                                             sfr56        00000
__Hsfr57                                             sfr57        00000
__Hsfr58                                             sfr58        00000
__Hsfr59                                             sfr59        00000
__Hsfr6                                              sfr6         00000
__Hsfr60                                             sfr60        00000
__Hsfr61                                             sfr61        00000
__Hsfr62                                             sfr62        00000
__Hsfr63                                             sfr63        00000
__Hsfr7                                              sfr7         00000
__Hsfr8                                              sfr8         00000
__Hsfr9                                              sfr9         00000
__Hsivt                                              sivt         00014
__Hspace_0                                           (abs)        005AA
__Hspace_1                                           (abs)        0007D
__Hspace_2                                           (abs)        00000
__Hspace_3                                           (abs)        00000
__Hspace_4                                           (abs)        10013
__Hstack                                             stack        00000
__Hstrings                                           strings      00000
__Hstringtext1                                       stringtext1  00000
__Hstringtext2                                       stringtext2  00000
__Hstringtext3                                       stringtext3  00000
__Hstringtext4                                       stringtext4  00000
__Hstringtext5                                       stringtext5  00000
__Htext                                              text         00000
__L__absolute__                                      __absolute__ 00000
__Labs1                                              abs1         00000
__Lbank0                                             bank0        00000
__Lbank1                                             bank1        00000
__Lbank10                                            bank10       00000
__Lbank11                                            bank11       00000
__Lbank12                                            bank12       00000
__Lbank13                                            bank13       00000
__Lbank14                                            bank14       00000
__Lbank15                                            bank15       00000
__Lbank16                                            bank16       00000
__Lbank17                                            bank17       00000
__Lbank18                                            bank18       00000
__Lbank19                                            bank19       00000
__Lbank2                                             bank2        00000
__Lbank20                                            bank20       00000
__Lbank21                                            bank21       00000
__Lbank22                                            bank22       00000
__Lbank23                                            bank23       00000
__Lbank24                                            bank24       00000
__Lbank25                                            bank25       00000
__Lbank26                                            bank26       00000
__Lbank27                                            bank27       00000
__Lbank28                                            bank28       00000
__Lbank29                                            bank29       00000
__Lbank3                                             bank3        00000
__Lbank30                                            bank30       00000
__Lbank31                                            bank31       00000
__Lbank32                                            bank32       00000
__Lbank33                                            bank33       00000
__Lbank34                                            bank34       00000
__Lbank35                                            bank35       00000
__Lbank36                                            bank36       00000
__Lbank37                                            bank37       00000
__Lbank38                                            bank38       00000
__Lbank39                                            bank39       00000
__Lbank4                                             bank4        00000
__Lbank40                                            bank40       00000
__Lbank41                                            bank41       00000
__Lbank42                                            bank42       00000
__Lbank43                                            bank43       00000
__Lbank44                                            bank44       00000
__Lbank45                                            bank45       00000
__Lbank46                                            bank46       00000
__Lbank47                                            bank47       00000
__Lbank48                                            bank48       00000
__Lbank49                                            bank49       00000
__Lbank5                                             bank5        00000
__Lbank50                                            bank50       00000
__Lbank51                                            bank51       00000
__Lbank52                                            bank52       00000
__Lbank53                                            bank53       00000
__Lbank54                                            bank54       00000
__Lbank55                                            bank55       00000
__Lbank56                                            bank56       00000
__Lbank57                                            bank57       00000
__Lbank58                                            bank58       00000
__Lbank59                                            bank59       00000
__Lbank6                                             bank6        00000
__Lbank60                                            bank60       00000
__Lbank61                                            bank61       00000
__Lbank62                                            bank62       00000
__Lbank63                                            bank63       00000
__Lbank7                                             bank7        00000
__Lbank8                                             bank8        00000
__Lbank9                                             bank9        00000
__Lbigram                                            bigram       00000
__LbssBANK0                                          bssBANK0     00000
__Lcinit                                             cinit        00016
__Lclrtext                                           clrtext      00000
__Lcode                                              code         00000
__Lcommon                                            common       00000
__Lconfig                                            config       00000
__LcstackBANK0                                       cstackBANK0  00000
__LcstackCOMMON                                      cstackCOMMON 00000
__LdataBANK0                                         dataBANK0    00000
__Leeprom_data                                       eeprom_data  00000
__Lend_init                                          end_init     00014
__Lfunctab                                           functab      00000
__Lheap                                              heap         00000
__LidataBANK0                                        idataBANK0   00000
__Linit                                              init         00014
__Lintentry                                          intentry     00004
__Lmaintext                                          maintext     00000
__LnvBANK0                                           nvBANK0      00000
__Lpowerup                                           powerup      00000
__Lram                                               ram          00000
__Lreset_vec                                         reset_vec    00000
__Lsfr0                                              sfr0         00000
__Lsfr1                                              sfr1         00000
__Lsfr10                                             sfr10        00000
__Lsfr11                                             sfr11        00000
__Lsfr12                                             sfr12        00000
__Lsfr13                                             sfr13        00000
__Lsfr14                                             sfr14        00000
__Lsfr15                                             sfr15        00000
__Lsfr16                                             sfr16        00000
__Lsfr17                                             sfr17        00000
__Lsfr18                                             sfr18        00000
__Lsfr19                                             sfr19        00000
__Lsfr2                                              sfr2         00000
__Lsfr20                                             sfr20        00000
__Lsfr21                                             sfr21        00000
__Lsfr22                                             sfr22        00000
__Lsfr23                                             sfr23        00000
__Lsfr24                                             sfr24        00000
__Lsfr25                                             sfr25        00000
__Lsfr26                                             sfr26        00000
__Lsfr27                                             sfr27        00000
__Lsfr28                                             sfr28        00000
__Lsfr29                                             sfr29        00000
__Lsfr3                                              sfr3         00000
__Lsfr30                                             sfr30        00000
__Lsfr31                                             sfr31        00000
__Lsfr32                                             sfr32        00000
__Lsfr33                                             sfr33        00000
__Lsfr34                                             sfr34        00000
__Lsfr35                                             sfr35        00000
__Lsfr36                                             sfr36        00000
__Lsfr37                                             sfr37        00000
__Lsfr38                                             sfr38        00000
__Lsfr39                                             sfr39        00000
__Lsfr4                                              sfr4         00000
__Lsfr40                                             sfr40        00000
__Lsfr41                                             sfr41        00000
__Lsfr42                                             sfr42        00000
__Lsfr43                                             sfr43        00000
__Lsfr44                                             sfr44        00000
__Lsfr45                                             sfr45        00000
__Lsfr46                                             sfr46        00000
__Lsfr47                                             sfr47        00000
__Lsfr48                                             sfr48        00000
__Lsfr49                                             sfr49        00000
__Lsfr5                                              sfr5         00000
__Lsfr50                                             sfr50        00000
__Lsfr51                                             sfr51        00000
__Lsfr52                                             sfr52        00000
__Lsfr53                                             sfr53        00000
__Lsfr54                                             sfr54        00000
__Lsfr55                                             sfr55        00000
__Lsfr56                                             sfr56        00000
__Lsfr57                                             sfr57        00000
__Lsfr58                                             sfr58        00000
__Lsfr59                                             sfr59        00000
__Lsfr6                                              sfr6         00000
__Lsfr60                                             sfr60        00000
__Lsfr61                                             sfr61        00000
__Lsfr62                                             sfr62        00000
__Lsfr63                                             sfr63        00000
__Lsfr7                                              sfr7         00000
__Lsfr8                                              sfr8         00000
__Lsfr9                                              sfr9         00000
__Lsivt                                              sivt         00014
__Lspace_0                                           (abs)        00000
__Lspace_1                                           (abs)        00000
__Lspace_2                                           (abs)        00000
__Lspace_3                                           (abs)        00000
__Lspace_4                                           (abs)        00000
__Lstack                                             stack        00000
__Lstrings                                           strings      00000
__Lstringtext1                                       stringtext1  00000
__Lstringtext2                                       stringtext2  00000
__Lstringtext3                                       stringtext3  00000
__Lstringtext4                                       stringtext4  00000
__Lstringtext5                                       stringtext5  00000
__Ltext                                              text         00000
__S0                                                 (abs)        005AA
__S1                                                 (abs)        0007D
__S3                                                 (abs)        00000
___heap_hi                                           (abs)        00000
___heap_lo                                           (abs)        00000
___int_sp                                            stack        00000
___int_stack_hi                                      stack        00000
___int_stack_lo                                      stack        00000
___latbits                                           (abs)        00002
___sp                                                stack        00000
___stack_hi                                          stack        00000
___stack_lo                                          stack        00000
___stackhi                                           (abs)        00000
___stacklo                                           (abs)        00000
___wmul                                              text22       00446
___wmul@multiplicand                                 cstackCOMMON 00072
___wmul@multiplier                                   cstackCOMMON 00070
___wmul@product                                      cstackCOMMON 00074
__end_of_CC1120_ApplyConfig                          text21       0039A
__end_of_CC1120_ReadReg                              text20       00446
__end_of_CC1120_Strobe                               text19       004E4
__end_of_CC1120_WriteReg                             text23       0041F
__end_of_CC1120_WriteTXFIFO                          text18       003F6
__end_of_CLOCK_Initialize                            text16       00584
__end_of_EUSART1_FramingErrorCallbackRegister        text15       00562
__end_of_EUSART1_Initialize                          text13       004A0
__end_of_EUSART1_OverrunErrorCallbackRegister        text14       00556
__end_of_EUSART1_Write                               text3        005A4
__end_of_INTERRUPT_Initialize                        text11       00579
__end_of_INTERRUPT_InterruptManager                  intentry     00014
__end_of_INT_SetInterruptHandler                     text12       005A0
__end_of_IO_RC3_DefaultInterruptHandler              text30       005AA
__end_of_IO_RC3_ISR                                  text29       00532
__end_of_IO_RC3_SetInterruptHandler                  text10       0059A
__end_of_IO_RC4_DefaultInterruptHandler              text28       005A9
__end_of_IO_RC4_ISR                                  text27       00523
__end_of_IO_RC4_SetInterruptHandler                  text9        00594
__end_of_PIN_MANAGER_IOC                             text26       004F5
__end_of_PIN_MANAGER_Initialize                      text8        00359
__end_of_SPI1_ByteExchange                           text24       0056E
__end_of_SPI1_Host                                   stringtext2  004BC
__end_of_SPI1_Initialize                             text7        0054A
__end_of_SPI1_Open                                   text17       00514
__end_of_SYSTEM_Initialize                           text6        00505
__end_of_UART1                                       stringtext1  003CA
__end_of___wmul                                      text22       00465
__end_of__initialization                             cinit        00031
__end_of_cc1120_config                               stringtext5  0016A
__end_of_cc1120_config_size                          stringtext4  005A8
__end_of_fillRandomMessage                           text4        00483
__end_of_getRandomByte                               text5        004D1
__end_of_main                                        maintext     00263
__end_of_printRandomMessage                          text1        00318
__end_of_print_hex                                   text2        002C5
__end_of_spi1_configuration                          stringtext3  0058E
__initialization                                     cinit        00016
__pbssBANK0                                          bssBANK0     00020
__pbssBIGRAM                                         (abs)        02373
__pcstackBANK0                                       cstackBANK0  0002E
__pcstackCOMMON                                      cstackCOMMON 00070
__pdataBANK0                                         dataBANK0    0002C
__pidataBANK0                                        idataBANK0   005A4
__pintentry                                          intentry     00004
__pmaintext                                          maintext     0016A
__pnvBANK0                                           nvBANK0      00028
__pstringtext1                                       stringtext1  0039A
__pstringtext2                                       stringtext2  004A0
__pstringtext3                                       stringtext3  00584
__pstringtext4                                       stringtext4  005A6
__pstringtext5                                       stringtext5  00035
__ptext1                                             text1        002C5
__ptext10                                            text10       00594
__ptext11                                            text11       0056E
__ptext12                                            text12       0059A
__ptext13                                            text13       00483
__ptext14                                            text14       0054A
__ptext15                                            text15       00556
__ptext16                                            text16       00579
__ptext17                                            text17       00505
__ptext18                                            text18       003CA
__ptext19                                            text19       004D1
__ptext2                                             text2        00263
__ptext20                                            text20       0041F
__ptext21                                            text21       00359
__ptext22                                            text22       00446
__ptext23                                            text23       003F6
__ptext24                                            text24       00562
__ptext26                                            text26       004E4
__ptext27                                            text27       00514
__ptext28                                            text28       005A8
__ptext29                                            text29       00523
__ptext3                                             text3        005A0
__ptext30                                            text30       005A9
__ptext4                                             text4        00465
__ptext5                                             text5        004BC
__ptext6                                             text6        004F5
__ptext7                                             text7        0053E
__ptext8                                             text8        00318
__ptext9                                             text9        0058E
_cc1120_config                                       stringtext5  00035
_eusart1RxLastError                                  bssBANK0     00024
_fillRandomMessage                                   text4        00465
_getRandomByte                                       text5        004BC
_main                                                maintext     0016A
_printRandomMessage                                  text1        002C5
_print_hex                                           text2        00263
_print_hex$1000                                      cstackCOMMON 00074
_print_hex$999                                       cstackCOMMON 00072
_txBuffer                                            (abs)        02373
btemp                                                (abs)        0007E
clear_ram0                                           clrtext      00532
end_of_initialization                                cinit        00031
fillRandomMessage@i                                  cstackCOMMON 00078
getRandomByte@seed                                   dataBANK0    0002C
int$flags                                            (abs)        0007E
intlevel0                                            functab      00000
intlevel1                                            functab      00000
intlevel2                                            functab      00000
intlevel3                                            functab      00000
intlevel4                                            functab      00000
intlevel5                                            functab      00000
main@marcState                                       cstackBANK0  0002F
main@marcState_prev                                  cstackBANK0  0002E
printRandomMessage@i                                 cstackCOMMON 00079
print_hex@val                                        cstackCOMMON 00076
reset_vec                                            reset_vec    00000
start                                                init         00014
start_initialization                                 cinit        00016
wtemp0                                               (abs)        0007E


MODULE INFORMATION

Module		Function		Class		Link	Load	Size
cc1120.c
		_CC1120_Strobe 		CODE           	04D1	0000	19
		_CC1120_ReadReg		CODE           	041F	0000	39
		_CC1120_WriteTXFIFO		CODE           	03CA	0000	44
		_CC1120_ApplyConfig		CODE           	0359	0000	65
		_CC1120_WriteReg		CODE           	03F6	0000	41

cc1120.c estimated size: 208

mcc_generated_files/spi/src/mssp1.c
		_SPI1_ByteExchange		CODE           	0562	0000	12
		_SPI1_Open     		CODE           	0505	0000	15
		_SPI1_Initialize		CODE           	053E	0000	12

mcc_generated_files/spi/src/mssp1.c estimated size: 39

C:\Program Files\Microchip\xc8\v3.00\pic\sources\c99\common\Umul16.c
		___wmul        		CODE           	0446	0000	31

C:\Program Files\Microchip\xc8\v3.00\pic\sources\c99\common\Umul16.c estimated size: 31

mcc_generated_files/system/src/interrupt.c
		_INT_SetInterruptHandler		CODE           	059A	0000	6
		_INTERRUPT_Initialize		CODE           	056E	0000	11
		_INTERRUPT_InterruptManager		CODE           	0004	0000	16

mcc_generated_files/system/src/interrupt.c estimated size: 33

mcc_generated_files/system/src/pins.c
		_PIN_MANAGER_Initialize		CODE           	0318	0000	65
		_IO_RC3_DefaultInterruptHandler		CODE           	05A9	0000	1
		_IO_RC3_ISR    		CODE           	0523	0000	15
		_IO_RC4_DefaultInterruptHandler		CODE           	05A8	0000	1
		_IO_RC4_ISR    		CODE           	0514	0000	15
		_IO_RC3_SetInterruptHandler		CODE           	0594	0000	6
		_PIN_MANAGER_IOC		CODE           	04E4	0000	17
		_IO_RC4_SetInterruptHandler		CODE           	058E	0000	6

mcc_generated_files/system/src/pins.c estimated size: 126

shared
		_cc1120_config 		STRCODE        	0035	0000	309
		__initialization		CODE           	0016	0000	27
		_SPI1_Host     		STRCODE        	0000	0000	0
		_UART1         		STRCODE        	0000	0000	0
		_cc1120_config_size		STRCODE        	0000	0000	0
		_spi1_configuration		STRCODE        	0000	0000	0

shared estimated size: 336

mcc_generated_files/system/src/clock.c
		_CLOCK_Initialize		CODE           	0579	0000	11

mcc_generated_files/system/src/clock.c estimated size: 11

main.c
		_main          		CODE           	016A	0000	249
		_fillRandomMessage		CODE           	0465	0000	30
		_getRandomByte 		CODE           	04BC	0000	21
		_print_hex     		CODE           	0263	0000	98
		_printRandomMessage		CODE           	02C5	0000	83

main.c estimated size: 481

mcc_generated_files/uart/src/eusart1.c
		_EUSART1_Initialize		CODE           	0483	0000	29
		_EUSART1_Write 		CODE           	05A0	0000	4
		_EUSART1_FramingErrorCallbackRegister		CODE           	0556	0000	12
		_EUSART1_OverrunErrorCallbackRegister		CODE           	054A	0000	12

mcc_generated_files/uart/src/eusart1.c estimated size: 57

mcc_generated_files/system/src/system.c
		_SYSTEM_Initialize		CODE           	04F5	0000	16

mcc_generated_files/system/src/system.c estimated size: 16

